#1 [internal] load local bake definitions
#1 reading from stdin 516B done
#1 DONE 0.0s

#2 [internal] load build definition from dockerfile
#2 transferring dockerfile: 889B done
#2 DONE 0.0s

#3 [internal] load metadata for docker.io/library/python:3.10-slim
#3 DONE 0.3s

#4 [internal] load .dockerignore
#4 transferring context: 2B done
#4 DONE 0.0s

#5 [internal] load build context
#5 transferring context: 2.99kB done
#5 DONE 0.0s

#6 [1/6] FROM docker.io/library/python:3.10-slim@sha256:38758a82a44d1acb9bae3dd5f7d2a55452fb44a5ceca7c4589f360f2c4aa3d0c
#6 resolve docker.io/library/python:3.10-slim@sha256:38758a82a44d1acb9bae3dd5f7d2a55452fb44a5ceca7c4589f360f2c4aa3d0c 0.0s done
#6 DONE 0.0s

#7 [3/6] RUN apt-get update && apt-get install -y --no-install-recommends default-libmysqlclient-dev build-essential && rm -rf /var/lib/apt/lists/*
#7 CACHED

#8 [2/6] WORKDIR /src
#8 CACHED

#9 [4/6] COPY requirements.txt /src/
#9 CACHED

#10 [5/6] RUN pip install --no-cache-dir --upgrade pip &&     pip install --no-cache-dir -r requirements.txt
#10 CACHED

#11 [6/6] COPY src/ /src/
#11 CACHED

#12 exporting to image
#12 exporting layers done
#12 exporting manifest sha256:515287ac958ef75640ae56fbe9a46ee21c0d2109cb2165a9fe4b4e102c842868 done
#12 exporting config sha256:287ba4bce1b879aaa65e5ac12c11f084d98120bb88d486f47c72f6fa34c3548f done
#12 exporting attestation manifest sha256:28c29e2ed9f18dadf5c67a1e28cf8cab816a922e808c59aadd44e1acd6e04e77
#12 exporting attestation manifest sha256:28c29e2ed9f18dadf5c67a1e28cf8cab816a922e808c59aadd44e1acd6e04e77 0.0s done
#12 exporting manifest list sha256:44dd1071e6c55c0439364a874d6b554cd8660ba3ad5fc4fad5c595f383e1f8ef 0.0s done
#12 naming to docker.io/library/lazygrocer-app:latest done
#12 unpacking to docker.io/library/lazygrocer-app:latest done
#12 DONE 0.1s

#13 resolving provenance for metadata file
#13 DONE 0.0s
